// Vitest Snapshot v1, https://vitest.dev/guide/snapshot.html

exports[`SignInView (snapshot) > renders properly 1`] = `
"<div class="w-full lg:grid lg:min-h-[600px] lg:grid-cols-2 xl:min-h-[800px]">
  <div class="flex items-center justify-center py-12">
    <div class="mx-auto grid w-[350px] gap-6">
      <div class="grid gap-2 text-center">
        <h1 class="text-3xl font-bold">Sign In</h1>
        <p class="text-balance text-muted-foreground">Enter your email below to login to your account</p>
      </div>
      <div class="grid gap-4">
        <div class="grid gap-2"><label for="email" class="text-sm font-medium leading-none peer-disabled:cursor-not-allowed peer-disabled:opacity-70">Email</label><input class="flex h-10 w-full rounded-md border border-input bg-background px-3 py-2 text-sm ring-offset-background file:border-0 file:bg-transparent file:text-sm file:font-medium placeholder:text-muted-foreground focus-visible:outline-none focus-visible:ring-2 focus-visible:ring-ring focus-visible:ring-offset-2 disabled:cursor-not-allowed disabled:opacity-50" id="email" type="email" placeholder="m@example.com" required=""></div>
        <div class="grid gap-2">
          <div class="flex items-center"><label for="password" class="text-sm font-medium leading-none peer-disabled:cursor-not-allowed peer-disabled:opacity-70">Password</label><a href="/reset-password" class="ml-auto inline-block text-sm underline">Forgot your password?</a></div><input class="flex h-10 w-full rounded-md border border-input bg-background px-3 py-2 text-sm ring-offset-background file:border-0 file:bg-transparent file:text-sm file:font-medium placeholder:text-muted-foreground focus-visible:outline-none focus-visible:ring-2 focus-visible:ring-ring focus-visible:ring-offset-2 disabled:cursor-not-allowed disabled:opacity-50" id="password" type="password" required="">
        </div><button class="inline-flex items-center justify-center whitespace-nowrap rounded-md text-sm font-medium ring-offset-background transition-colors focus-visible:outline-none focus-visible:ring-2 focus-visible:ring-ring focus-visible:ring-offset-2 disabled:pointer-events-none disabled:opacity-50 bg-primary text-primary-foreground hover:bg-primary/90 h-10 px-4 py-2 w-full" type="submit">Sign In</button>
      </div>
      <div class="mt-4 text-center text-sm">Don't have an account? <a href="/sign-up" class="underline">Sign up</a></div>
    </div>
  </div>
  <div class="hidden bg-muted lg:block"><img src="https://cdn.pixabay.com/photo/2024/06/01/12/28/monday-8802107_1280.jpg" alt="image" class="h-dvh w-full object-cover dark:brightness-[0.2] dark:grayscale"></div>
</div>"
`;
